// Jest Snapshot v1, https://goo.gl/fbAQLP

exports[`RequireNewPassword test render test render correctly 1`] = `
<FormSection
  theme={
    Object {
      "a": Object {},
      "actionRow": Object {},
      "button": Object {},
      "container": Object {},
      "formContainer": Object {},
      "formField": Object {},
      "formRow": Object {},
      "formSection": Object {},
      "hint": Object {},
      "input": Object {},
      "inputLabel": Object {},
      "photoPickerButton": Object {},
      "photoPlaceholder": Object {},
      "radio": Object {},
      "sectionBody": Object {},
      "sectionFooter": Object {},
      "sectionFooterPrimaryContent": Object {},
      "sectionFooterSecondaryContent": Object {},
      "sectionHeader": Object {},
      "signInButton": Object {},
      "signInButtonContent": Object {},
      "signInButtonIcon": Object {},
      "strike": Object {},
      "strikeContent": Object {},
    }
  }
>
  <SectionHeader
    theme={
      Object {
        "a": Object {},
        "actionRow": Object {},
        "button": Object {},
        "container": Object {},
        "formContainer": Object {},
        "formField": Object {},
        "formRow": Object {},
        "formSection": Object {},
        "hint": Object {},
        "input": Object {},
        "inputLabel": Object {},
        "photoPickerButton": Object {},
        "photoPlaceholder": Object {},
        "radio": Object {},
        "sectionBody": Object {},
        "sectionFooter": Object {},
        "sectionFooterPrimaryContent": Object {},
        "sectionFooterSecondaryContent": Object {},
        "sectionHeader": Object {},
        "signInButton": Object {},
        "signInButtonContent": Object {},
        "signInButtonIcon": Object {},
        "strike": Object {},
        "strikeContent": Object {},
      }
    }
  >
    Change Password
  </SectionHeader>
  <SectionBody>
    <Input
      autoFocus={true}
      key="password"
      name="password"
      onChange={[Function]}
      placeholder="New Password"
      theme={
        Object {
          "a": Object {},
          "actionRow": Object {},
          "button": Object {},
          "container": Object {},
          "formContainer": Object {},
          "formField": Object {},
          "formRow": Object {},
          "formSection": Object {},
          "hint": Object {},
          "input": Object {},
          "inputLabel": Object {},
          "photoPickerButton": Object {},
          "photoPlaceholder": Object {},
          "radio": Object {},
          "sectionBody": Object {},
          "sectionFooter": Object {},
          "sectionFooterPrimaryContent": Object {},
          "sectionFooterSecondaryContent": Object {},
          "sectionHeader": Object {},
          "signInButton": Object {},
          "signInButtonContent": Object {},
          "signInButtonIcon": Object {},
          "strike": Object {},
          "strikeContent": Object {},
        }
      }
      type="password"
    />
  </SectionBody>
  <SectionFooter
    theme={
      Object {
        "a": Object {},
        "actionRow": Object {},
        "button": Object {},
        "container": Object {},
        "formContainer": Object {},
        "formField": Object {},
        "formRow": Object {},
        "formSection": Object {},
        "hint": Object {},
        "input": Object {},
        "inputLabel": Object {},
        "photoPickerButton": Object {},
        "photoPlaceholder": Object {},
        "radio": Object {},
        "sectionBody": Object {},
        "sectionFooter": Object {},
        "sectionFooterPrimaryContent": Object {},
        "sectionFooterSecondaryContent": Object {},
        "sectionHeader": Object {},
        "signInButton": Object {},
        "signInButtonContent": Object {},
        "signInButtonIcon": Object {},
        "strike": Object {},
        "strikeContent": Object {},
      }
    }
  >
    <SectionFooterPrimaryContent
      theme={
        Object {
          "a": Object {},
          "actionRow": Object {},
          "button": Object {},
          "container": Object {},
          "formContainer": Object {},
          "formField": Object {},
          "formRow": Object {},
          "formSection": Object {},
          "hint": Object {},
          "input": Object {},
          "inputLabel": Object {},
          "photoPickerButton": Object {},
          "photoPlaceholder": Object {},
          "radio": Object {},
          "sectionBody": Object {},
          "sectionFooter": Object {},
          "sectionFooterPrimaryContent": Object {},
          "sectionFooterSecondaryContent": Object {},
          "sectionHeader": Object {},
          "signInButton": Object {},
          "signInButtonContent": Object {},
          "signInButtonIcon": Object {},
          "strike": Object {},
          "strikeContent": Object {},
        }
      }
    >
      <Button
        onClick={[Function]}
        theme={
          Object {
            "a": Object {},
            "actionRow": Object {},
            "button": Object {},
            "container": Object {},
            "formContainer": Object {},
            "formField": Object {},
            "formRow": Object {},
            "formSection": Object {},
            "hint": Object {},
            "input": Object {},
            "inputLabel": Object {},
            "photoPickerButton": Object {},
            "photoPlaceholder": Object {},
            "radio": Object {},
            "sectionBody": Object {},
            "sectionFooter": Object {},
            "sectionFooterPrimaryContent": Object {},
            "sectionFooterSecondaryContent": Object {},
            "sectionHeader": Object {},
            "signInButton": Object {},
            "signInButtonContent": Object {},
            "signInButtonIcon": Object {},
            "strike": Object {},
            "strikeContent": Object {},
          }
        }
      >
        Change
      </Button>
    </SectionFooterPrimaryContent>
    <SectionFooterSecondaryContent
      theme={
        Object {
          "a": Object {},
          "actionRow": Object {},
          "button": Object {},
          "container": Object {},
          "formContainer": Object {},
          "formField": Object {},
          "formRow": Object {},
          "formSection": Object {},
          "hint": Object {},
          "input": Object {},
          "inputLabel": Object {},
          "photoPickerButton": Object {},
          "photoPlaceholder": Object {},
          "radio": Object {},
          "sectionBody": Object {},
          "sectionFooter": Object {},
          "sectionFooterPrimaryContent": Object {},
          "sectionFooterSecondaryContent": Object {},
          "sectionHeader": Object {},
          "signInButton": Object {},
          "signInButtonContent": Object {},
          "signInButtonIcon": Object {},
          "strike": Object {},
          "strikeContent": Object {},
        }
      }
    >
      <Link
        onClick={[Function]}
        theme={
          Object {
            "a": Object {},
            "actionRow": Object {},
            "button": Object {},
            "container": Object {},
            "formContainer": Object {},
            "formField": Object {},
            "formRow": Object {},
            "formSection": Object {},
            "hint": Object {},
            "input": Object {},
            "inputLabel": Object {},
            "photoPickerButton": Object {},
            "photoPlaceholder": Object {},
            "radio": Object {},
            "sectionBody": Object {},
            "sectionFooter": Object {},
            "sectionFooterPrimaryContent": Object {},
            "sectionFooterSecondaryContent": Object {},
            "sectionHeader": Object {},
            "signInButton": Object {},
            "signInButtonContent": Object {},
            "signInButtonIcon": Object {},
            "strike": Object {},
            "strikeContent": Object {},
          }
        }
      >
        Back to Sign In
      </Link>
    </SectionFooterSecondaryContent>
  </SectionFooter>
</FormSection>
`;

exports[`RequireNewPassword test render test render nothing with hide 1`] = `""`;

exports[`RequireNewPassword test render test render nothing with incorrect authState 1`] = `""`;
